<html>
<body>
<pre>
<h1>µVision Build Log</h1>
<h2>Project:</h2>
D:\230905506_Prasanna\Lab01\test.uvproj
Project File Date:  01/06/2025

<h2>Output:</h2>
Build target 'Target 1'
assembling test2.s...
test2.s(17): warning: A1581W: Added 2 bytes of padding at address 0xa
linking...
Program Size: Code=24 RO-data=8 RW-data=4 ZI-data=0  
".\test.axf" - 0 Error(s), 1 Warning(s).
: Error: L6200E: Symbol Reset_Handler multiply defined (by test2.o and test.o).
Not enough information to list image symbols.
Not enough information to list the image map.
Finished: 2 information, 0 warning and 2 error messages.
".\test.axf" - 2 Error(s), 1 Warning(s).
Target not created
