<html>
<body>
<pre>
<h1>µVision Build Log</h1>
<h2>Project:</h2>
E:\230905212\lab1\ex1.uvproj
Project File Date:  01/09/2025

<h2>Output:</h2>
Build target 'Target 1'
assembling example2.s...
example2.s(18): warning: A1581W: Added 2 bytes of padding at address 0xa
linking...
Program Size: Code=20 RO-data=8 RW-data=8 ZI-data=0  
".\ex1.axf" - 0 Error(s), 1 Warning(s).
</pre>
</body>
</html>
ol Reset_Handler multiply defined (by example2.o and example.o).
Not enough information to list image symbols.
Not enough information to list the image map.
Finished: 2 information, 0 warning and 2 error messages.
".\ex1.axf" - 2 Error(s), 1 Warning(s).
Target not created
