<html>
<body>
<pre>
<h1>µVision Build Log</h1>
<h2>Project:</h2>
D:\230905506_Prasanna\Lab03\Lab03.uvproj
Project File Date:  01/20/2025

<h2>Output:</h2>
Build target 'Target 1'
assembling q4.s...
q4.s(28): warning: A1581W: Added 2 bytes of padding at address 0x1a
linking...
Program Size: Code=40 RO-data=8 RW-data=4 ZI-data=0  
".\Lab03.axf" - 0 Error(s), 1 Warning(s).
 0 Warning(s).
Target not created
e or Macro
".\Lab03.axf" - 3 Error(s), 0 Warning(s).
Target not created
 or Macro
".\Lab03.axf" - 4 Error(s), 0 Warning(s).
Target not created
acro
".\Lab03.axf" - 6 Error(s), 0 Warning(s).
Target not created
